******************************************************************************
                  MSP430 Linker PC v4.1.2                      
******************************************************************************
>> Linked Sun May 05 10:15:24 2013

OUTPUT FILE NAME:   <ek307lab7.out>
ENTRY POINT SYMBOL: "_c_int00"  address: 0000f94a


MEMORY CONFIGURATION

         name            origin    length      used     unused   attr    fill
----------------------  --------  ---------  --------  --------  ----  --------
  SFR                   00000000   00000010  00000000  00000010  RWIX
  PERIPHERALS_8BIT      00000010   000000f0  00000000  000000f0  RWIX
  PERIPHERALS_16BIT     00000100   00000100  00000000  00000100  RWIX
  RAM                   00000200   00000080  00000034  0000004c  RWIX
  INFOD                 00001000   00000040  00000000  00000040  RWIX
  INFOC                 00001040   00000040  00000000  00000040  RWIX
  INFOB                 00001080   00000040  00000000  00000040  RWIX
  INFOA                 000010c0   00000040  00000000  00000040  RWIX
  FLASH                 0000f800   000007e0  000001e8  000005f8  RWIX
  INT00                 0000ffe0   00000002  00000000  00000002  RWIX
  INT01                 0000ffe2   00000002  00000000  00000002  RWIX
  INT02                 0000ffe4   00000002  00000000  00000002  RWIX
  INT03                 0000ffe6   00000002  00000000  00000002  RWIX
  INT04                 0000ffe8   00000002  00000000  00000002  RWIX
  INT05                 0000ffea   00000002  00000000  00000002  RWIX
  INT06                 0000ffec   00000002  00000000  00000002  RWIX
  INT07                 0000ffee   00000002  00000000  00000002  RWIX
  INT08                 0000fff0   00000002  00000000  00000002  RWIX
  INT09                 0000fff2   00000002  00000002  00000000  RWIX
  INT10                 0000fff4   00000002  00000002  00000000  RWIX
  INT11                 0000fff6   00000002  00000000  00000002  RWIX
  INT12                 0000fff8   00000002  00000000  00000002  RWIX
  INT13                 0000fffa   00000002  00000000  00000002  RWIX
  INT14                 0000fffc   00000002  00000000  00000002  RWIX
  RESET                 0000fffe   00000002  00000002  00000000  RWIX


SECTION ALLOCATION MAP

 output                                  attributes/
section   page    origin      length       input sections
--------  ----  ----------  ----------   ----------------
.init_array 
*          0    0000f800    00000000     UNINITIALIZED

.data      0    00000200    00000002     
                  00000200    00000002     60hertz_PWM.obj (.data)

.TI.persistent 
*          0    00000200    00000000     UNINITIALIZED

.stack     0    0000024c    00000032     UNINITIALIZED
                  0000024c    00000002     rts430_eabi.lib : boot.obj (.stack)
                  0000024e    00000030     --HOLE--

.text      0    0000f800    000001b6     
                  0000f800    0000005e     rts430_eabi.lib : copy_decompress_rle.obj (.text:__TI_decompress_rle_core)
                  0000f85e    0000005e                     : autoinit.obj (.text:_auto_init)
                  0000f8bc    00000050     60hertz_PWM.obj (.text:TimerA0_ISR)
                  0000f90c    0000003e     60hertz_PWM.obj (.text:main)
                  0000f94a    0000001a     rts430_eabi.lib : boot.obj (.text:_c_int00_noexit)
                  0000f964    00000012                     : copy_decompress_none.obj (.text:decompress:none:__TI_decompress_none)
                  0000f976    00000012                     : memcpy.obj (.text:memcpy)
                  0000f988    00000010     60hertz_PWM.obj (.text:WDT_ISR)
                  0000f998    00000010     rts430_eabi.lib : epilog.obj (.text)
                  0000f9a8    00000006                     : copy_decompress_rle.obj (.text:decompress:rle24:__TI_decompress_rle24)
                  0000f9ae    00000004                     : pre_init.obj (.text:_system_pre_init)
                  0000f9b2    00000004                     : exit.obj (.text:abort)

.const     0    0000f9b6    00000024     
                  0000f9b6    00000020     60hertz_PWM.obj (.const:.string:values)
                  0000f9d6    00000004     60hertz_PWM.obj (.const)

.cinit     0    0000f9da    0000000e     
                  0000f9da    00000006     (.cinit..data.load) [load image]
                  0000f9e0    00000004     (__TI_handler_table)
                  0000f9e4    00000004     (__TI_cinit_table)

TIMERA0    0    0000fff2    00000002     
                  0000fff2    00000002     60hertz_PWM.obj (.int09)

WDT        0    0000fff4    00000002     
                  0000fff4    00000002     60hertz_PWM.obj (.int10)

.reset     0    0000fffe    00000002     
                  0000fffe    00000002     rts430_eabi.lib : boot.obj (.reset)


LINKER GENERATED COPY TABLES

__TI_cinit_table @ 0000f9e4 records: 1, size/record: 4, table size: 4
	.data: load addr=0000f9da, load size=00000006 bytes, run addr=00000200, run size=00000002 bytes, compression=copy


LINKER GENERATED HANDLER TABLE

__TI_handler_table @ 0000f9e0 records: 2, size/record: 2, table size: 4
	index: 0, handler: __TI_decompress_rle24
	index: 1, handler: __TI_decompress_none


GLOBAL SYMBOLS: SORTED ALPHABETICALLY BY Name 

address    name
--------   ----
00000057   BCSCTL1
00000058   BCSCTL2
00000053   BCSCTL3
0000f9b2   C$$EXIT
00000059   CACTL1
0000005a   CACTL2
0000f9d8   CALBC1_16MHZ
000010ff   CALBC1_1MHZ
0000f9d6   CALDCO_16MHZ
000010fe   CALDCO_1MHZ
0000005b   CAPD
00000056   DCOCTL
00000128   FCTL1
0000012a   FCTL2
0000012c   FCTL3
00000000   IE1
00000002   IFG1
00000022   P1DIR
00000025   P1IE
00000024   P1IES
00000023   P1IFG
00000020   P1IN
00000021   P1OUT
00000027   P1REN
00000026   P1SEL
0000002a   P2DIR
0000002d   P2IE
0000002c   P2IES
0000002b   P2IFG
00000028   P2IN
00000029   P2OUT
0000002f   P2REN
0000002e   P2SEL
00000172   TACCR0
00000174   TACCR1
00000162   TACCTL0
00000164   TACCTL1
00000160   TACTL
0000012e   TAIV
00000170   TAR
0000f8bc   TimerA0_ISR
00000120   WDTCTL
0000f988   WDT_ISR
0000027e   __STACK_END
00000032   __STACK_SIZE
0000f9e4   __TI_CINIT_Base
0000f9e8   __TI_CINIT_Limit
0000f9e0   __TI_Handler_Table_Base
0000f9e4   __TI_Handler_Table_Limit
UNDEFED    __TI_INITARRAY_Base
UNDEFED    __TI_INITARRAY_Limit
00000001   __TI_args_main
0000f964   __TI_decompress_none
0000f9a8   __TI_decompress_rle24
00000001   __TI_exit
ffffffff   __binit__
ffffffff   __c_args__
0000f9a4   __mspabi_func_epilog_1
0000f9a2   __mspabi_func_epilog_2
0000f9a0   __mspabi_func_epilog_3
0000f99e   __mspabi_func_epilog_4
0000f99c   __mspabi_func_epilog_5
0000f99a   __mspabi_func_epilog_6
0000f998   __mspabi_func_epilog_7
0000f85e   _auto_init
0000f94a   _c_int00
0000f94a   _c_int00_noexit
0000fffe   _reset_vector
0000024c   _stack
0000f9ae   _system_pre_init
0000f9b2   abort
ffffffff   binit
00000200   counter
00000201   index
0000f90c   main
0000f976   memcpy
0000f9b6   values


GLOBAL SYMBOLS: SORTED BY Symbol Address 

address    name
--------   ----
00000000   IE1
00000001   __TI_args_main
00000001   __TI_exit
00000002   IFG1
00000020   P1IN
00000021   P1OUT
00000022   P1DIR
00000023   P1IFG
00000024   P1IES
00000025   P1IE
00000026   P1SEL
00000027   P1REN
00000028   P2IN
00000029   P2OUT
0000002a   P2DIR
0000002b   P2IFG
0000002c   P2IES
0000002d   P2IE
0000002e   P2SEL
0000002f   P2REN
00000032   __STACK_SIZE
00000053   BCSCTL3
00000056   DCOCTL
00000057   BCSCTL1
00000058   BCSCTL2
00000059   CACTL1
0000005a   CACTL2
0000005b   CAPD
00000120   WDTCTL
00000128   FCTL1
0000012a   FCTL2
0000012c   FCTL3
0000012e   TAIV
00000160   TACTL
00000162   TACCTL0
00000164   TACCTL1
00000170   TAR
00000172   TACCR0
00000174   TACCR1
00000200   counter
00000201   index
0000024c   _stack
0000027e   __STACK_END
000010fe   CALDCO_1MHZ
000010ff   CALBC1_1MHZ
0000f85e   _auto_init
0000f8bc   TimerA0_ISR
0000f90c   main
0000f94a   _c_int00
0000f94a   _c_int00_noexit
0000f964   __TI_decompress_none
0000f976   memcpy
0000f988   WDT_ISR
0000f998   __mspabi_func_epilog_7
0000f99a   __mspabi_func_epilog_6
0000f99c   __mspabi_func_epilog_5
0000f99e   __mspabi_func_epilog_4
0000f9a0   __mspabi_func_epilog_3
0000f9a2   __mspabi_func_epilog_2
0000f9a4   __mspabi_func_epilog_1
0000f9a8   __TI_decompress_rle24
0000f9ae   _system_pre_init
0000f9b2   C$$EXIT
0000f9b2   abort
0000f9b6   values
0000f9d6   CALDCO_16MHZ
0000f9d8   CALBC1_16MHZ
0000f9e0   __TI_Handler_Table_Base
0000f9e4   __TI_CINIT_Base
0000f9e4   __TI_Handler_Table_Limit
0000f9e8   __TI_CINIT_Limit
0000fffe   _reset_vector
ffffffff   __binit__
ffffffff   __c_args__
ffffffff   binit
UNDEFED    __TI_INITARRAY_Base
UNDEFED    __TI_INITARRAY_Limit

[77 symbols]
